       0 bytes,     0 lines   *  config               
       0 bytes,     0 lines      templates            
